../Core/Src/main.c:89:5:__io_putchar	16	static
../Core/Src/main.c:94:6:DisplayBitmapWithRotate	32	static
../Core/Src/main.c:129:5:main	40	static
../Core/Src/main.c:241:6:SystemClock_Config	128	static
../Core/Src/main.c:290:13:MX_I2C1_Init	8	static
../Core/Src/main.c:335:13:MX_TIM2_Init	48	static
../Core/Src/main.c:393:13:MX_USART2_UART_Init	8	static
../Core/Src/main.c:424:13:MX_DMA_Init	16	static
../Core/Src/main.c:441:13:MX_GPIO_Init	56	static
../Core/Src/main.c:498:6:I2C_Scan	32	static
../Core/Src/main.c:521:6:Error_Handler	8	static,ignoring_inline_asm
