../Core/Src/main.c:95:5:__io_putchar	16	static
../Core/Src/main.c:106:5:main	40	static
../Core/Src/main.c:225:6:SystemClock_Config	128	static
../Core/Src/main.c:277:13:MX_ADC_Init	16	static
../Core/Src/main.c:349:13:MX_I2C1_Init	8	static
../Core/Src/main.c:397:13:MX_TIM2_Init	48	static
../Core/Src/main.c:460:13:MX_USART2_UART_Init	8	static
../Core/Src/main.c:493:13:MX_DMA_Init	16	static
../Core/Src/main.c:514:13:MX_GPIO_Init	56	static
../Core/Src/main.c:571:6:I2C_Scan	32	static
../Core/Src/main.c:590:6:HAL_ADC_ConvCpltCallback	16	static
../Core/Src/main.c:599:6:Error_Handler	8	static,ignoring_inline_asm
