../Core/Src/main.c:82:5:__io_putchar	16	static
../Core/Src/main.c:93:5:main	32	static
../Core/Src/main.c:189:6:SystemClock_Config	128	static
../Core/Src/main.c:241:13:MX_I2C1_Init	8	static
../Core/Src/main.c:289:13:MX_TIM2_Init	48	static
../Core/Src/main.c:352:13:MX_USART2_UART_Init	8	static
../Core/Src/main.c:385:13:MX_DMA_Init	16	static
../Core/Src/main.c:403:13:MX_GPIO_Init	56	static
../Core/Src/main.c:460:6:I2C_Scan	32	static
../Core/Src/main.c:483:6:Error_Handler	8	static,ignoring_inline_asm
