../Core/Src/main.c:78:5:__io_putchar	16	static
../Core/Src/main.c:89:5:main	32	static
../Core/Src/main.c:185:6:SystemClock_Config	128	static
../Core/Src/main.c:237:13:MX_I2C1_Init	8	static
../Core/Src/main.c:285:13:MX_TIM2_Init	48	static
../Core/Src/main.c:348:13:MX_USART2_UART_Init	8	static
../Core/Src/main.c:381:13:MX_DMA_Init	16	static
../Core/Src/main.c:399:13:MX_GPIO_Init	56	static
../Core/Src/main.c:456:6:I2C_Scan	32	static
../Core/Src/main.c:479:6:Error_Handler	8	static,ignoring_inline_asm
